// Jest Snapshot v1, https://goo.gl/fbAQLP

exports[`renders a Table 1`] = `
<Table
  classes={
    Object {
      "root": "Table-root-1",
      "table": "Table-table-2",
    }
  }
  columns={
    Array [
      Object {
        "dataKey": "name",
        "label": "Name",
      },
      Object {
        "dataKey": "age",
        "label": "Age",
      },
    ]
  }
  rows={
    Array [
      Object {
        "age": 25,
        "id": 1245,
        "name": "Mike",
      },
      Object {
        "age": 30,
        "id": 46874,
        "name": "Jennifer",
      },
    ]
  }
/>
`;
